repository_prisma 1.0.9 finalization checks
timestamp: 2026-07-28T08:18:52Z
main HEAD: 634bb2b19df231957025c786ba5e9da1eabb938f
+ npm run typecheck

> repository_prisma@1.0.9 typecheck
> tsc -p tsconfig.json

+ DATABASE_URL_TEST=file:/var/folders/7w/9r4_s1_s42z3f7c136bpjf0r0000gn/T/repository-prisma-finalization-XXXXXX.BW5aWnfjER/test.db npm test

> repository_prisma@1.0.9 test
> node scripts/run-tests.js

Prisma schema loaded from prisma/schema.prisma
Datasource "db": SQLite database "test.db" at "file:///var/folders/7w/9r4_s1_s42z3f7c136bpjf0r0000gn/T/repository-prisma-finalization-XXXXXX.BW5aWnfjER/test.db"

SQLite database test.db created at file:///var/folders/7w/9r4_s1_s42z3f7c136bpjf0r0000gn/T/repository-prisma-finalization-XXXXXX.BW5aWnfjER/test.db

🚀  Your database is now in sync with your Prisma schema. Done in 14ms

Prisma schema loaded from prisma/schema.prisma

✔ Generated Prisma Client (v5.22.0) to ./node_modules/@prisma/client in 34ms

Start by importing your Prisma Client (See: https://pris.ly/d/importing-client)

Tip: Interested in query caching in just a few lines of code? Try Accelerate today! https://pris.ly/tip-3-accelerate

┌─────────────────────────────────────────────────────────┐
│  Update available 5.22.0 -> 7.9.1                       │
│                                                         │
│  This is a major update - please follow the guide at    │
│  https://pris.ly/d/major-version-upgrade                │
│                                                         │
│  Run the following to update                            │
│    npm i --save-dev prisma@latest                       │
│    npm i @prisma/client@latest                          │
└─────────────────────────────────────────────────────────┘

 RUN  v4.0.18 /Users/normy/autobyteus_org/repository_prisma

 ✓ src/tests/forwarding-proxy.test.ts (3 tests) 3ms
 ✓ src/tests/database-filter.test.ts (11 tests) 4ms
 ✓ src/tests/transaction-context.test.ts (4 tests) 4ms
 ✓ src/tests/logging-policy.test.ts (14 tests) 6ms
 ✓ src/tests/datasource-readiness.test.ts (18 tests) 14ms
 ✓ src/tests/client-lifecycle.test.ts (14 tests) 176ms
stdout | src/tests/public-initialization.test.ts > public initialization and real SQLite identity > opens DATABASE_URL_TEST under test and leaves DATABASE_URL untouched
prisma:info Starting a sqlite pool with 21 connections.

stdout | src/tests/integration.test.ts > Implicit Transactions (Integration)
prisma:info Starting a sqlite pool with 21 connections.

stdout | src/tests/public-initialization.test.ts > public initialization and real SQLite identity > lets a non-empty explicit datasource win and treats whitespace as omitted
prisma:info Starting a sqlite pool with 21 connections.

stdout | src/tests/public-initialization.test.ts > public initialization and real SQLite identity > lets a non-empty explicit datasource win and treats whitespace as omitted
prisma:info Starting a sqlite pool with 21 connections.

stdout | src/tests/public-initialization.test.ts > public initialization and real SQLite identity > normalizes cwd-relative paths with spaces, literal percent spelling, and query parameters
prisma:info Starting a sqlite pool with 1 connections.

 ✓ src/tests/integration.test.ts (10 tests) 328ms
stdout | src/tests/public-initialization.test.ts > public initialization and real SQLite identity > accepts a symlink spelling when canonical physical identity is the same
prisma:info Starting a sqlite pool with 1 connections.

stdout | src/tests/public-initialization.test.ts > public initialization and real SQLite identity > preserves delete mode without WAL, then upgrades and independently verifies WAL
prisma:info Starting a sqlite pool with 21 connections.

stdout | src/tests/public-initialization.test.ts > public initialization and real SQLite identity > blocks access after a safe missing-target failure and permits corrected explicit retry
prisma:info Starting a sqlite pool with 21 connections.

stdout | src/tests/public-initialization.test.ts > public initialization and real SQLite identity > rejects a lazy-bound target switch without opening the second file, then rebinds captured methods after shutdown
prisma:info Starting a sqlite pool with 21 connections.

stdout | src/tests/public-initialization.test.ts > public initialization and real SQLite identity > rejects a lazy-bound target switch without opening the second file, then rebinds captured methods after shutdown
prisma:info Starting a sqlite pool with 21 connections.

stdout | src/tests/public-initialization.test.ts > public initialization and real SQLite identity > reads representative existing data directly without schema migration
prisma:info Starting a sqlite pool with 21 connections.

stdout | src/tests/public-initialization.test.ts > context-aware public forwarding with the current Prisma schema > uses a captured context method inside ALS and the root owner after ALS exits
prisma:info Starting a sqlite pool with 21 connections.

 ✓ src/tests/public-initialization.test.ts (9 tests) 424ms
     ✓ opens DATABASE_URL_TEST under test and leaves DATABASE_URL untouched  311ms

 Test Files  8 passed (8)
      Tests  83 passed (83)
   Start at  10:18:56
   Duration  802ms (transform 1.72s, setup 0ms, import 1.94s, tests 959ms, environment 1ms)

cleanup: removed /var/folders/7w/9r4_s1_s42z3f7c136bpjf0r0000gn/T/repository-prisma-finalization-XXXXXX.BW5aWnfjER
+ npm run test:package

> repository_prisma@1.0.9 test:package
> npm run build && node scripts/run-package-smoke.js


> repository_prisma@1.0.9 build
> tsup

CLI Building entry: src/index.ts
CLI Using tsconfig: tsconfig.json
CLI tsup v8.5.1
CLI Using tsup config: /Users/normy/autobyteus_org/repository_prisma/tsup.config.ts
CLI Target: es2018
CLI Cleaning output folder
CJS Build start
ESM Build start
CJS You have emitDecoratorMetadata enabled but @swc/core was not installed, skipping swc plugin
ESM You have emitDecoratorMetadata enabled but @swc/core was not installed, skipping swc plugin
ESM dist/index.mjs     26.63 KB
ESM dist/index.mjs.map 55.30 KB
ESM ⚡️ Build success in 13ms
CJS dist/index.js     29.15 KB
CJS dist/index.js.map 56.50 KB
CJS ⚡️ Build success in 13ms
DTS Build start
DTS ⚡️ Build success in 775ms
DTS dist/index.d.ts  8.96 KB
DTS dist/index.d.mts 8.96 KB

added 2 packages in 299ms
{"result":"pass","packedFiles":10,"cjs":"pass","esm":"pass","declarations":"pass","installedArtifact":"pass","safeFailureOutput":"pass","cleanup":"/var/folders/7w/9r4_s1_s42z3f7c136bpjf0r0000gn/T/repository-prisma-package-smoke-k6PEyQ"}
+ git diff --check origin/main...HEAD
finalization checks exit: 0
